// Jest Snapshot v1, https://goo.gl/fbAQLP

exports[`Test new user constraints check error if insert the same username 1`] = `"duplicate key value violates unique constraint \\"users_username_key\\""`;
